nohup: 忽略输入
Warning message:
程辑包‘ggplot2’是用R版本4.3.3 来建造的 

载入程辑包：‘dplyr’

The following objects are masked from ‘package:data.table’:

    between, first, last

The following objects are masked from ‘package:stats’:

    filter, lag

The following objects are masked from ‘package:base’:

    intersect, setdiff, setequal, union

Warning message:
程辑包‘dplyr’是用R版本4.3.3 来建造的 
[2026-07-27 15:45:35.075609] Processing Weighted_Score_Mean for whole region...
 TRUE[2026-07-27 15:45:35.228323] Top Strict Block found at W:24-28, L:7-11 (Score: 0.3025)
 TRUE[2026-07-27 15:45:36.030849] Processing Weighted_Score_Max for whole region...
 TRUE[2026-07-27 15:45:36.174655] Top Strict Block found at W:20-24, L:9-13 (Score: 0.3272)
 TRUE[2026-07-27 15:45:36.684894] Processing Weighted_Score_Mean for 3UTR region...
 TRUE[2026-07-27 15:45:36.830626] Top Strict Block found at W:20-24, L:9-13 (Score: 0.3809)
 TRUE[2026-07-27 15:45:37.329804] Processing Weighted_Score_Max for 3UTR region...
 TRUE[2026-07-27 15:45:37.472701] Top Strict Block found at W:20-24, L:10-14 (Score: 0.4716)
 TRUEWarning message:
`aes_string()` was deprecated in ggplot2 3.0.0.
ℹ Please use tidy evaluation idioms with `aes()`.
ℹ See also `vignette("ggplot2-in-packages")` for more information. 
[2026-07-27 15:45:37.960721] Module partC.03 visualization with aesthetic dashboard finished successfully.
 TRUE