nohup: 忽略输入
[2026-07-27 19:20:04] Step 1: Extracting accessibility matrix for WLU combinations...
[2026-07-27 19:20:04]   Processing W=25, L=10...
[2026-07-27 19:20:05]   Processing W=20, L=10...
[2026-07-27 19:20:06]   Processing W=30, L=10...
[2026-07-27 19:20:07]   Processing W=35, L=10...
[2026-07-27 19:20:08]   Processing W=20, L=15...
[2026-07-27 19:20:09]   Processing W=25, L=15...
[2026-07-27 19:20:10]   Processing W=40, L=10...
[2026-07-27 19:20:11]   Processing W=30, L=15...
[2026-07-27 19:20:12]   Processing W=35, L=15...
[2026-07-27 19:20:13]   Processing W=40, L=15...
[2026-07-27 19:20:14]   Processing W=45, L=15...
[2026-07-27 19:20:15]   Processing W=30, L=20...
[2026-07-27 19:20:16]   Processing W=35, L=20...
[2026-07-27 19:20:17]   Processing W=40, L=20...
[2026-07-27 19:20:18]   Processing W=45, L=20...
[2026-07-27 19:20:19]   Processing W=50, L=15...
[2026-07-27 19:20:20]   Processing W=50, L=20...
[2026-07-27 19:20:21]   Processing W=55, L=20...
[2026-07-27 19:20:22]   Processing W=60, L=20...
[2026-07-27 19:20:23]   Processing W=65, L=20...
[2026-07-27 19:20:25]   Processing W=80, L=40...
[2026-07-27 19:20:26] Raw matrix saved to /data/cai801/data/HKUcas/result/08.manuscript_03/partC/03.GT_siRNA_acc/02.siRNA_matrix/00.siRNA_raw_matrix.csv with shape (2327, 237)
[2026-07-27 19:20:26] Step 2: Calculating Continuous Evaluation (Spearman correlation)...
[2026-07-27 19:20:27] Continuous evaluation matrix saved to /data/cai801/data/HKUcas/result/08.manuscript_03/partC/03.GT_siRNA_acc/02.siRNA_matrix/01.Evaluation_Continuous.csv
[2026-07-27 19:20:27] Step 3: Calculating Binary Evaluation (AUC & Statistics)...
[2026-07-27 19:20:29] Binary evaluation matrix saved to /data/cai801/data/HKUcas/result/08.manuscript_03/partC/03.GT_siRNA_acc/02.siRNA_matrix/02.Evaluation_Binary.csv
[2026-07-27 19:20:29] Module partC.11 finished successfully. Matrices are ready for visualization.
